  Determining projects to restore...
C:\Pavaman\kft-comfig\PavamanDroneConfigurator.UI\PavamanDroneConfigurator.UI.csproj : warning NU1608: Detected package version outside of dependency constraint: Mapsui.Avalonia 5.0.0-beta.1 requires HarfBuzzSharp (>= 7.3.0.1 && < 8.0.0) but version HarfBuzzSharp 8.3.1.1 was resolved. [C:\Pavaman\kft-comfig\PavamanDroneConfigurator.sln]
C:\Pavaman\kft-comfig\PavamanDroneConfigurator.UI\PavamanDroneConfigurator.UI.csproj : warning NU1608: Detected package version outside of dependency constraint: Mapsui.Avalonia 5.0.0-beta.1 requires HarfBuzzSharp.NativeAssets.WebAssembly (>= 7.3.0.1 && < 8.0.0) but version HarfBuzzSharp.NativeAssets.WebAssembly 8.3.1.1 was resolved. [C:\Pavaman\kft-comfig\PavamanDroneConfigurator.sln]
C:\Pavaman\kft-comfig\PavamanDroneConfigurator.UI\PavamanDroneConfigurator.UI.csproj : warning NU1608: Detected package version outside of dependency constraint: Mapsui.Rendering.Skia 5.0.0-beta.1 requires HarfBuzzSharp (>= 7.3.0.1 && < 8.0.0) but version HarfBuzzSharp 8.3.1.1 was resolved. [C:\Pavaman\kft-comfig\PavamanDroneConfigurator.sln]
  All projects are up-to-date for restore.
C:\Pavaman\kft-comfig\PavamanDroneConfigurator.UI\PavamanDroneConfigurator.UI.csproj : warning NU1608: Detected package version outside of dependency constraint: Mapsui.Avalonia 5.0.0-beta.1 requires HarfBuzzSharp (>= 7.3.0.1 && < 8.0.0) but version HarfBuzzSharp 8.3.1.1 was resolved.
C:\Pavaman\kft-comfig\PavamanDroneConfigurator.UI\PavamanDroneConfigurator.UI.csproj : warning NU1608: Detected package version outside of dependency constraint: Mapsui.Avalonia 5.0.0-beta.1 requires HarfBuzzSharp.NativeAssets.WebAssembly (>= 7.3.0.1 && < 8.0.0) but version HarfBuzzSharp.NativeAssets.WebAssembly 8.3.1.1 was resolved.
C:\Pavaman\kft-comfig\PavamanDroneConfigurator.UI\PavamanDroneConfigurator.UI.csproj : warning NU1608: Detected package version outside of dependency constraint: Mapsui.Rendering.Skia 5.0.0-beta.1 requires HarfBuzzSharp (>= 7.3.0.1 && < 8.0.0) but version HarfBuzzSharp 8.3.1.1 was resolved.
  PavamanDroneConfigurator.Core -> C:\Pavaman\kft-comfig\PavamanDroneConfigurator.Core\bin\Debug\net9.0\PavamanDroneConfigurator.Core.dll
  PavamanDroneConfigurator.Infrastructure -> C:\Pavaman\kft-comfig\PavamanDroneConfigurator.Infrastructure\bin\Debug\net9.0\PavamanDroneConfigurator.Infrastructure.dll
C:\Program Files\dotnet\sdk\9.0.312\Microsoft.Common.CurrentVersion.targets(2433,5): warning MSB3277: Found conflicts between different versions of "WindowsBase" that could not be resolved. [C:\Pavaman\kft-comfig\PavamanDroneConfigurator.UI\PavamanDroneConfigurator.UI.csproj]
C:\Program Files\dotnet\sdk\9.0.312\Microsoft.Common.CurrentVersion.targets(2433,5): warning MSB3277: There was a conflict between "WindowsBase, Version=4.0.0.0, Culture=neutral, PublicKeyToken=31bf3856ad364e35" and "WindowsBase, Version=5.0.0.0, Culture=neutral, PublicKeyToken=31bf3856ad364e35". [C:\Pavaman\kft-comfig\PavamanDroneConfigurator.UI\PavamanDroneConfigurator.UI.csproj]
C:\Program Files\dotnet\sdk\9.0.312\Microsoft.Common.CurrentVersion.targets(2433,5): warning MSB3277:     "WindowsBase, Version=4.0.0.0, Culture=neutral, PublicKeyToken=31bf3856ad364e35" was chosen because it was primary and "WindowsBase, Version=5.0.0.0, Culture=neutral, PublicKeyToken=31bf3856ad364e35" was not. [C:\Pavaman\kft-comfig\PavamanDroneConfigurator.UI\PavamanDroneConfigurator.UI.csproj]
C:\Program Files\dotnet\sdk\9.0.312\Microsoft.Common.CurrentVersion.targets(2433,5): warning MSB3277:     References which depend on "WindowsBase, Version=4.0.0.0, Culture=neutral, PublicKeyToken=31bf3856ad364e35" [C:\Program Files\dotnet\packs\Microsoft.NETCore.App.Ref\9.0.14\ref\net9.0\WindowsBase.dll]. [C:\Pavaman\kft-comfig\PavamanDroneConfigurator.UI\PavamanDroneConfigurator.UI.csproj]
C:\Program Files\dotnet\sdk\9.0.312\Microsoft.Common.CurrentVersion.targets(2433,5): warning MSB3277:         C:\Program Files\dotnet\packs\Microsoft.NETCore.App.Ref\9.0.14\ref\net9.0\WindowsBase.dll [C:\Pavaman\kft-comfig\PavamanDroneConfigurator.UI\PavamanDroneConfigurator.UI.csproj]
C:\Program Files\dotnet\sdk\9.0.312\Microsoft.Common.CurrentVersion.targets(2433,5): warning MSB3277:           Project file item includes which caused reference "C:\Program Files\dotnet\packs\Microsoft.NETCore.App.Ref\9.0.14\ref\net9.0\WindowsBase.dll". [C:\Pavaman\kft-comfig\PavamanDroneConfigurator.UI\PavamanDroneConfigurator.UI.csproj]
C:\Program Files\dotnet\sdk\9.0.312\Microsoft.Common.CurrentVersion.targets(2433,5): warning MSB3277:             C:\Program Files\dotnet\packs\Microsoft.NETCore.App.Ref\9.0.14\ref/net9.0/WindowsBase.dll [C:\Pavaman\kft-comfig\PavamanDroneConfigurator.UI\PavamanDroneConfigurator.UI.csproj]
C:\Program Files\dotnet\sdk\9.0.312\Microsoft.Common.CurrentVersion.targets(2433,5): warning MSB3277:     References which depend on or have been unified to "WindowsBase, Version=5.0.0.0, Culture=neutral, PublicKeyToken=31bf3856ad364e35" []. [C:\Pavaman\kft-comfig\PavamanDroneConfigurator.UI\PavamanDroneConfigurator.UI.csproj]
C:\Program Files\dotnet\sdk\9.0.312\Microsoft.Common.CurrentVersion.targets(2433,5): warning MSB3277:         C:\Users\sujit\.nuget\packages\microsoft.web.webview2\1.0.2903.40\lib_manual\net5.0-windows10.0.17763.0\Microsoft.Web.WebView2.Wpf.dll [C:\Pavaman\kft-comfig\PavamanDroneConfigurator.UI\PavamanDroneConfigurator.UI.csproj]
C:\Program Files\dotnet\sdk\9.0.312\Microsoft.Common.CurrentVersion.targets(2433,5): warning MSB3277:           Project file item includes which caused reference "C:\Users\sujit\.nuget\packages\microsoft.web.webview2\1.0.2903.40\lib_manual\net5.0-windows10.0.17763.0\Microsoft.Web.WebView2.Wpf.dll". [C:\Pavaman\kft-comfig\PavamanDroneConfigurator.UI\PavamanDroneConfigurator.UI.csproj]
C:\Program Files\dotnet\sdk\9.0.312\Microsoft.Common.CurrentVersion.targets(2433,5): warning MSB3277:             C:\Users\sujit\.nuget\packages\microsoft.web.webview2\1.0.2903.40\buildTransitive\..\\lib_manual\net5.0-windows10.0.17763.0\Microsoft.Web.WebView2.Wpf.dll [C:\Pavaman\kft-comfig\PavamanDroneConfigurator.UI\PavamanDroneConfigurator.UI.csproj]
  PavamanDroneConfigurator.UI -> C:\Pavaman\kft-comfig\PavamanDroneConfigurator.UI\bin\Debug\net9.0-windows\PavamanDroneConfigurator.UI.dll
  Copying XML metadata file...
  Copying appsettings.json...
  PavamanDroneConfigurator.API -> C:\Pavaman\kft-comfig\PavamanDroneConfigurator.API\bin\Debug\net9.0\PavamanDroneConfigurator.API.dll
C:\Pavaman\kft-comfig\PavamanDroneConfigurator.Tests\TelemetryServiceTests.cs(187,64): warning CS8625: Cannot convert null literal to non-nullable reference type. [C:\Pavaman\kft-comfig\PavamanDroneConfigurator.Tests\PavamanDroneConfigurator.Tests.csproj]
C:\Pavaman\kft-comfig\PavamanDroneConfigurator.Tests\TelemetryServiceTests.cs(200,59): warning CS8625: Cannot convert null literal to non-nullable reference type. [C:\Pavaman\kft-comfig\PavamanDroneConfigurator.Tests\PavamanDroneConfigurator.Tests.csproj]
  PavamanDroneConfigurator.Tests -> C:\Pavaman\kft-comfig\PavamanDroneConfigurator.Tests\bin\Debug\net9.0\PavamanDroneConfigurator.Tests.dll

Build succeeded.

C:\Pavaman\kft-comfig\PavamanDroneConfigurator.UI\PavamanDroneConfigurator.UI.csproj : warning NU1608: Detected package version outside of dependency constraint: Mapsui.Avalonia 5.0.0-beta.1 requires HarfBuzzSharp (>= 7.3.0.1 && < 8.0.0) but version HarfBuzzSharp 8.3.1.1 was resolved. [C:\Pavaman\kft-comfig\PavamanDroneConfigurator.sln]
C:\Pavaman\kft-comfig\PavamanDroneConfigurator.UI\PavamanDroneConfigurator.UI.csproj : warning NU1608: Detected package version outside of dependency constraint: Mapsui.Avalonia 5.0.0-beta.1 requires HarfBuzzSharp.NativeAssets.WebAssembly (>= 7.3.0.1 && < 8.0.0) but version HarfBuzzSharp.NativeAssets.WebAssembly 8.3.1.1 was resolved. [C:\Pavaman\kft-comfig\PavamanDroneConfigurator.sln]
C:\Pavaman\kft-comfig\PavamanDroneConfigurator.UI\PavamanDroneConfigurator.UI.csproj : warning NU1608: Detected package version outside of dependency constraint: Mapsui.Rendering.Skia 5.0.0-beta.1 requires HarfBuzzSharp (>= 7.3.0.1 && < 8.0.0) but version HarfBuzzSharp 8.3.1.1 was resolved. [C:\Pavaman\kft-comfig\PavamanDroneConfigurator.sln]
C:\Pavaman\kft-comfig\PavamanDroneConfigurator.UI\PavamanDroneConfigurator.UI.csproj : warning NU1608: Detected package version outside of dependency constraint: Mapsui.Avalonia 5.0.0-beta.1 requires HarfBuzzSharp (>= 7.3.0.1 && < 8.0.0) but version HarfBuzzSharp 8.3.1.1 was resolved.
C:\Pavaman\kft-comfig\PavamanDroneConfigurator.UI\PavamanDroneConfigurator.UI.csproj : warning NU1608: Detected package version outside of dependency constraint: Mapsui.Avalonia 5.0.0-beta.1 requires HarfBuzzSharp.NativeAssets.WebAssembly (>= 7.3.0.1 && < 8.0.0) but version HarfBuzzSharp.NativeAssets.WebAssembly 8.3.1.1 was resolved.
C:\Pavaman\kft-comfig\PavamanDroneConfigurator.UI\PavamanDroneConfigurator.UI.csproj : warning NU1608: Detected package version outside of dependency constraint: Mapsui.Rendering.Skia 5.0.0-beta.1 requires HarfBuzzSharp (>= 7.3.0.1 && < 8.0.0) but version HarfBuzzSharp 8.3.1.1 was resolved.
C:\Program Files\dotnet\sdk\9.0.312\Microsoft.Common.CurrentVersion.targets(2433,5): warning MSB3277: Found conflicts between different versions of "WindowsBase" that could not be resolved. [C:\Pavaman\kft-comfig\PavamanDroneConfigurator.UI\PavamanDroneConfigurator.UI.csproj]
C:\Program Files\dotnet\sdk\9.0.312\Microsoft.Common.CurrentVersion.targets(2433,5): warning MSB3277: There was a conflict between "WindowsBase, Version=4.0.0.0, Culture=neutral, PublicKeyToken=31bf3856ad364e35" and "WindowsBase, Version=5.0.0.0, Culture=neutral, PublicKeyToken=31bf3856ad364e35". [C:\Pavaman\kft-comfig\PavamanDroneConfigurator.UI\PavamanDroneConfigurator.UI.csproj]
C:\Program Files\dotnet\sdk\9.0.312\Microsoft.Common.CurrentVersion.targets(2433,5): warning MSB3277:     "WindowsBase, Version=4.0.0.0, Culture=neutral, PublicKeyToken=31bf3856ad364e35" was chosen because it was primary and "WindowsBase, Version=5.0.0.0, Culture=neutral, PublicKeyToken=31bf3856ad364e35" was not. [C:\Pavaman\kft-comfig\PavamanDroneConfigurator.UI\PavamanDroneConfigurator.UI.csproj]
C:\Program Files\dotnet\sdk\9.0.312\Microsoft.Common.CurrentVersion.targets(2433,5): warning MSB3277:     References which depend on "WindowsBase, Version=4.0.0.0, Culture=neutral, PublicKeyToken=31bf3856ad364e35" [C:\Program Files\dotnet\packs\Microsoft.NETCore.App.Ref\9.0.14\ref\net9.0\WindowsBase.dll]. [C:\Pavaman\kft-comfig\PavamanDroneConfigurator.UI\PavamanDroneConfigurator.UI.csproj]
C:\Program Files\dotnet\sdk\9.0.312\Microsoft.Common.CurrentVersion.targets(2433,5): warning MSB3277:         C:\Program Files\dotnet\packs\Microsoft.NETCore.App.Ref\9.0.14\ref\net9.0\WindowsBase.dll [C:\Pavaman\kft-comfig\PavamanDroneConfigurator.UI\PavamanDroneConfigurator.UI.csproj]
C:\Program Files\dotnet\sdk\9.0.312\Microsoft.Common.CurrentVersion.targets(2433,5): warning MSB3277:           Project file item includes which caused reference "C:\Program Files\dotnet\packs\Microsoft.NETCore.App.Ref\9.0.14\ref\net9.0\WindowsBase.dll". [C:\Pavaman\kft-comfig\PavamanDroneConfigurator.UI\PavamanDroneConfigurator.UI.csproj]
C:\Program Files\dotnet\sdk\9.0.312\Microsoft.Common.CurrentVersion.targets(2433,5): warning MSB3277:             C:\Program Files\dotnet\packs\Microsoft.NETCore.App.Ref\9.0.14\ref/net9.0/WindowsBase.dll [C:\Pavaman\kft-comfig\PavamanDroneConfigurator.UI\PavamanDroneConfigurator.UI.csproj]
C:\Program Files\dotnet\sdk\9.0.312\Microsoft.Common.CurrentVersion.targets(2433,5): warning MSB3277:     References which depend on or have been unified to "WindowsBase, Version=5.0.0.0, Culture=neutral, PublicKeyToken=31bf3856ad364e35" []. [C:\Pavaman\kft-comfig\PavamanDroneConfigurator.UI\PavamanDroneConfigurator.UI.csproj]
C:\Program Files\dotnet\sdk\9.0.312\Microsoft.Common.CurrentVersion.targets(2433,5): warning MSB3277:         C:\Users\sujit\.nuget\packages\microsoft.web.webview2\1.0.2903.40\lib_manual\net5.0-windows10.0.17763.0\Microsoft.Web.WebView2.Wpf.dll [C:\Pavaman\kft-comfig\PavamanDroneConfigurator.UI\PavamanDroneConfigurator.UI.csproj]
C:\Program Files\dotnet\sdk\9.0.312\Microsoft.Common.CurrentVersion.targets(2433,5): warning MSB3277:           Project file item includes which caused reference "C:\Users\sujit\.nuget\packages\microsoft.web.webview2\1.0.2903.40\lib_manual\net5.0-windows10.0.17763.0\Microsoft.Web.WebView2.Wpf.dll". [C:\Pavaman\kft-comfig\PavamanDroneConfigurator.UI\PavamanDroneConfigurator.UI.csproj]
C:\Program Files\dotnet\sdk\9.0.312\Microsoft.Common.CurrentVersion.targets(2433,5): warning MSB3277:             C:\Users\sujit\.nuget\packages\microsoft.web.webview2\1.0.2903.40\buildTransitive\..\\lib_manual\net5.0-windows10.0.17763.0\Microsoft.Web.WebView2.Wpf.dll [C:\Pavaman\kft-comfig\PavamanDroneConfigurator.UI\PavamanDroneConfigurator.UI.csproj]
C:\Pavaman\kft-comfig\PavamanDroneConfigurator.Tests\TelemetryServiceTests.cs(187,64): warning CS8625: Cannot convert null literal to non-nullable reference type. [C:\Pavaman\kft-comfig\PavamanDroneConfigurator.Tests\PavamanDroneConfigurator.Tests.csproj]
C:\Pavaman\kft-comfig\PavamanDroneConfigurator.Tests\TelemetryServiceTests.cs(200,59): warning CS8625: Cannot convert null literal to non-nullable reference type. [C:\Pavaman\kft-comfig\PavamanDroneConfigurator.Tests\PavamanDroneConfigurator.Tests.csproj]
    9 Warning(s)
    0 Error(s)

Time Elapsed 00:00:01.96

Workload updates are available. Run `dotnet workload list` for more information.
